Unrecognized AST Node: new original.phoenix.KMeansJava.Result(...)
Unrecognized AST Node: new original.phoenix.KMeansJava.Result(...)
Unrecognized AST Node: new original.phoenix.KMeansJava.Result(...)
Unrecognized AST Node: new original.phoenix.KMeansJava.Result(...)
Unrecognized AST Node: new original.phoenix.KMeansJava.Result(...)
Unrecognized AST Node: new original.phoenix.KMeansJava.Result(...)
Unrecognized AST Node: new java.lang.Double[...]
Unrecognized AST Node: new java.lang.Double[...]
Unrecognized AST Node: new java.lang.Double[...]
Unrecognized AST Node: new java.lang.Double[...]
Unrecognized AST Node: new java.lang.Double[...]
