Unrecognized AST Node: new java.util.HashMap<java.lang.String,java.lang.Integer>(...)
Unrecognized AST Node: new java.util.HashMap<java.lang.String,java.lang.Integer>(...)
Unrecognized AST Node: new java.util.HashMap<java.lang.String,java.lang.Integer>(...)
